[www.wuxiaworld.com/index.html]
[www.wuxiaworld.com/favicon.png]
[www.wuxiaworld.com/favicon-32x32.png]
[www.wuxiaworld.com/favicon-16x16.png]
[www.wuxiaworld.com/favicon.svg]
[www.wuxiaworld.com/logo192.html]
[www.wuxiaworld.com/manifest.json]
[www.wuxiaworld.com/apple-touch-icon.png]
[backblue.gif]
[fade.gif]
[index.html]
[www.wuxiaworld.com/safari-pinned-tab.svg]
[www.wuxiaworld.com/assets/inter-v8-latin-700-YMG7pBvT.woff2]
[www.wuxiaworld.com/assets/app-DQoXJp65.css]
[www.wuxiaworld.com/assets/inter-v8-latin-600-Do_HpvrI.woff2]
[www.wuxiaworld.com/assets/inter-v8-latin-500-BBCcZVJd.woff2]
[www.wuxiaworld.com/assets/inter-v8-latin-regular-C0b7ZYuD.woff2]
[www.googletagmanager.com/gtmc322.js]
[www.wuxiaworld.com/novels.html]
[www.wuxiaworld.com/assets/app.CLdFaYYQ.min.js]
[www.wuxiaworld.com/manage/bookmarks.html]
[www.wuxiaworld.com/novel/the-regressor-of-mount-hua.html]
[cdn.wuxiaworld.com/images/banners/TROMH_BG_08080decc7.jpg]
[cdn.wuxiaworld.com/images/characters/TROMH_Character 660x500735e.png]
[cdn.wuxiaworld.com/images/banners/APP_#BG181818d065.jpg]
[www.wuxiaworld.com/novel/a-pawns-passage.html]
[cdn.wuxiaworld.com/images/characters/MC (2)e228.png]
[cdn.wuxiaworld.com/images/banners/Wayfarer_BG#aa6109e97f.jpg]
[www.wuxiaworld.com/novel/wayfarer.html]
[cdn.wuxiaworld.com/images/characters/Wayfarer_Character-470x5382937.png]
[www.wuxiaworld.com/novel/unrivaled-martial-emperor.html]
[cdn.wuxiaworld.com/images/banners/Unrivaled Martial Emperor_BG#0445749f8e.jpg]
[cdn.wuxiaworld.com/images/characters/Unrivaled Martial Emperor_Character-546x684e082.png]
[cdn.wuxiaworld.com/images/banners/BKG #20151db2b5.jpg]
[www.wuxiaworld.com/novel/a-villains-will-to-survive.html]
[cdn.wuxiaworld.com/images/characters/MC (1)1ab5.png]
[www.wuxiaworld.com/novel/genius-archers-streaming.html]
[cdn.wuxiaworld.com/images/banners/Genius Archer’s Streaming_BG#1f2127c25b.jpg]
[cdn.wuxiaworld.com/images/characters/Genius Archer’s Streaming_MC (1)837f.png]
[www.wuxiaworld.com/news.html]
[www.wuxiaworld.com/news/sss-class-revival-hunter-has-arrived.html]
[www.wuxiaworld.com/news/on-hiatus-gods-personal-reasons.html]
[www.wuxiaworld.com/news/planet-pulverizer-a-mortals-ascent-and-overgeared-book-3.html]
[www.wuxiaworld.com/news/the-cultivation-key-system-has-been-implemented.html]
[www.wuxiaworld.com/'/images/Bookcover@3x.html]
[www.wuxiaworld.com/novel/index.html]
[www.wuxiaworld.com/images/champion-logo@3x.png]
[www.wuxiaworld.com/updates.html]
[www.wuxiaworld.com/images/apple-store-badge@3x.png]
[www.wuxiaworld.com/images/google-play-badge@3x.png]
[www.wuxiaworld.com/about.html]
[www.wuxiaworld.com/contact-us.html]
[www.wuxiaworld.com/terms-of-service.html]
[www.wuxiaworld.com/privacy-policy.html]
[www.wuxiaworld.com/index.html]
[www.wuxiaworld.com/favicon.svg]
[www.wuxiaworld.com/logo192.html]
[www.wuxiaworld.com/safari-pinned-tab.svg]
[www.wuxiaworld.com/cookie-policy.html]
[www.wuxiaworld.com/images/sneakpeek-bg@3x.jpg]
[www.wuxiaworld.com/images/Noise@3x.jpg]
[www.wuxiaworld.com/images/Noise-dark@3x.jpg]
[www.wuxiaworld.com/assets/roboto-v20-latin-300-EvKWBL9d.woff2]
[www.wuxiaworld.com/assets/roboto-v20-latin-300-Cx9SeV6m.woff]
[www.wuxiaworld.com/assets/roboto-v20-latin-regular-CEEi-WbQ.woff2]
[www.wuxiaworld.com/assets/roboto-v20-latin-regular-CKhRtUFO.woff]
[www.wuxiaworld.com/assets/roboto-v20-latin-500-DRg8azjQ.woff2]
[www.wuxiaworld.com/assets/roboto-v20-latin-500-BU-otfqs.woff]
[www.wuxiaworld.com/assets/roboto-v20-latin-700-CqGedB_1.woff2]
[www.wuxiaworld.com/assets/roboto-v20-latin-700-CCwTn0--.woff]
[www.wuxiaworld.com/assets/open-sans-v27-latin-300-C3ShPf9p.woff2]
[www.wuxiaworld.com/assets/open-sans-v27-latin-300-AjXRzfYp.woff]
[www.wuxiaworld.com/assets/open-sans-v27-latin-regular-CXM7C10U.woff2]
[www.wuxiaworld.com/assets/open-sans-v27-latin-regular-Bd6WqjJy.woff]
[www.wuxiaworld.com/assets/open-sans-v27-latin-500-BybI84BJ.woff2]
[www.wuxiaworld.com/assets/open-sans-v27-latin-500-DNY7Af6x.woff]
[www.wuxiaworld.com/assets/open-sans-v27-latin-600-DalNwSIX.woff2]
[www.wuxiaworld.com/assets/open-sans-v27-latin-600-DW5sjqTK.woff]
[www.wuxiaworld.com/assets/open-sans-v27-latin-700-BCo7LFYr.woff2]
[www.wuxiaworld.com/assets/open-sans-v27-latin-700-jtuosPmf.woff]
[www.wuxiaworld.com/assets/open-sans-v27-latin-800-Df0EaQCE.woff2]
[www.wuxiaworld.com/assets/open-sans-v27-latin-800-Cot2Ep9n.woff]
[www.wuxiaworld.com/assets/open-sans-v27-latin-300italic-Bp6Iyw4y.woff2]
[www.wuxiaworld.com/assets/open-sans-v27-latin-300italic-gMIx_ZBG.woff]
[www.wuxiaworld.com/assets/open-sans-v27-latin-italic--OywRxA2.woff2]
[www.wuxiaworld.com/assets/open-sans-v27-latin-italic-D7-Pi-pC.woff]
[www.wuxiaworld.com/assets/open-sans-v27-latin-500italic-C5Pv9265.woff2]
[www.wuxiaworld.com/assets/open-sans-v27-latin-500italic-yLgzYsWo.woff]
[www.wuxiaworld.com/assets/open-sans-v27-latin-600italic-Boa9ppVQ.woff2]
[www.wuxiaworld.com/assets/open-sans-v27-latin-600italic-BCq1PnzZ.woff]
[www.wuxiaworld.com/assets/open-sans-v27-latin-700italic-Cb6GEM5r.woff2]
[www.wuxiaworld.com/assets/open-sans-v27-latin-700italic-B1qcaGXT.woff]
[www.wuxiaworld.com/assets/open-sans-v27-latin-800italic-cdvqepxH.woff2]
[www.wuxiaworld.com/assets/open-sans-v27-latin-800italic-5xZFOZUA.woff]
[www.wuxiaworld.com/assets/merriweather-v22-latin-regular-qP05z5WV.woff2]
[www.wuxiaworld.com/assets/merriweather-v22-latin-regular-Bs_UFlIi.woff]
[www.wuxiaworld.com/assets/merriweather-v22-latin-italic-CM8yB5El.woff2]
[www.wuxiaworld.com/assets/merriweather-v22-latin-italic-BQj9jXYw.woff]
[www.wuxiaworld.com/assets/lato-v17-latin-regular-CNtt3gFW.woff2]
[www.wuxiaworld.com/assets/lato-v17-latin-regular-BCXf5A6u.woff]
[www.wuxiaworld.com/assets/lato-v17-latin-italic-BsyNtuLR.woff2]
[www.wuxiaworld.com/assets/lato-v17-latin-italic-BHYD13-G.woff]
[www.wuxiaworld.com/assets/montserrat-v15-latin-regular-1ByWinym.woff2]
[www.wuxiaworld.com/assets/montserrat-v15-latin-regular-C_tYl2Ns.woff]
[www.wuxiaworld.com/assets/montserrat-v15-latin-italic-DOWoc8aW.woff2]
[www.wuxiaworld.com/assets/montserrat-v15-latin-italic-BqIr8hP_.woff]
[www.wuxiaworld.com/assets/inter-v8-latin-regular-Df2yYjjw.woff]
[www.wuxiaworld.com/assets/inter-v8-latin-500-oa4woj4q.woff]
[www.wuxiaworld.com/assets/inter-v8-latin-600-DNA4zgp1.woff]
[www.wuxiaworld.com/assets/inter-v8-latin-700-CJCnDgs7.woff]
[www.wuxiaworld.com/assets/inter-v12-latin-800-Bdy4lAMa.woff2]
[www.wuxiaworld.com/assets/inter-v12-latin-800-DFVvDWwT.woff]
[www.wuxiaworld.com/assets/source-serif-pro-v15-latin-200-CriDiU5j.woff2]
[www.wuxiaworld.com/assets/source-serif-pro-v15-latin-200-wEpmmHu3.woff]
[www.wuxiaworld.com/assets/source-serif-pro-v15-latin-200italic-_Di9CCQ8.woff2]
[www.wuxiaworld.com/assets/source-serif-pro-v15-latin-200italic-DJvkl1kg.woff]
[www.wuxiaworld.com/assets/source-serif-pro-v15-latin-300italic-B0m0GbRH.woff2]
[www.wuxiaworld.com/assets/source-serif-pro-v15-latin-300italic-B9dRppUE.woff]
[www.wuxiaworld.com/assets/source-serif-pro-v15-latin-300-xMaVxml6.woff2]
[www.wuxiaworld.com/assets/source-serif-pro-v15-latin-300-9k8LBgiZ.woff]
[www.wuxiaworld.com/assets/source-serif-pro-v15-latin-regular-7fpMNWrK.woff2]
[www.wuxiaworld.com/assets/source-serif-pro-v15-latin-regular-O7tBs83Z.woff]
[www.wuxiaworld.com/assets/source-serif-pro-v15-latin-600-Bmk81o1a.woff2]
[www.wuxiaworld.com/assets/source-serif-pro-v15-latin-600-DspBe6Lo.woff]
[www.wuxiaworld.com/assets/source-serif-pro-v15-latin-italic-vIcxmWz_.woff2]
[www.wuxiaworld.com/assets/source-serif-pro-v15-latin-italic-C76SO5ry.woff]
[www.wuxiaworld.com/assets/source-serif-pro-v15-latin-600italic-D1onPpXC.woff2]
[www.wuxiaworld.com/assets/source-serif-pro-v15-latin-600italic-CzgUTpJw.woff]
[www.wuxiaworld.com/assets/source-serif-pro-v15-latin-700-CVDNqQzM.woff2]
[www.wuxiaworld.com/assets/source-serif-pro-v15-latin-700-DBIktdf8.woff]
[www.wuxiaworld.com/assets/source-serif-pro-v15-latin-700italic-pI4HgGjC.woff2]
[www.wuxiaworld.com/assets/source-serif-pro-v15-latin-700italic-ChRUepL6.woff]
[www.wuxiaworld.com/assets/source-serif-pro-v15-latin-900-BZh15k6-.woff2]
[www.wuxiaworld.com/assets/source-serif-pro-v15-latin-900-fqJXQNxZ.woff]
[www.wuxiaworld.com/assets/source-serif-pro-v15-latin-900italic-BxdNved_.woff2]
[www.wuxiaworld.com/assets/source-serif-pro-v15-latin-900italic-CpPtsuK1.woff]
[www.wuxiaworld.com/assets/app-DQoXJp65.css]
[www.googletagmanager.com/gtm5445.html]
[www.wuxiaworld.com/novel/rmjiir.html]
[www.wuxiaworld.com/novels/index79cd.html]
[www.wuxiaworld.com/novels/index0992.html]
[www.wuxiaworld.com/novel/rmji.html]
[www.wuxiaworld.com/novel/a-will-eternal.html]
[www.wuxiaworld.com/novels/index2f9b.html]
[www.wuxiaworld.com/novel/i-shall-seal-the-heavens.html]
[www.wuxiaworld.com/novels/indexaf37.html]
[www.wuxiaworld.com/novel/above-your-head.html]
[www.wuxiaworld.com/novel/absolute-resonance.html]
[www.wuxiaworld.com/novels/indexada3.html]
[www.wuxiaworld.com/novels/index2fef.html]
[www.wuxiaworld.com/novel/after-ten-millennia-in-hell.html]
[www.wuxiaworld.com/novel/against-the-gods.html]
[www.wuxiaworld.com/novels/indexdfbd.html]
[www.wuxiaworld.com/novels/indexfe06.html]
[www.wuxiaworld.com/novel/almighty-sword-domain.html]
[www.wuxiaworld.com/novel/ancient-strengthening-technique.html]
[www.wuxiaworld.com/novel/archfiend.html]
[www.wuxiaworld.com/novel/barbarian-quest.html]
[www.wuxiaworld.com/novels/index6067.html]
[www.wuxiaworld.com/novel/battle-through-the-heavens.html]
[www.wuxiaworld.com/novels/indexe1c9.html]
[www.wuxiaworld.com/novel/beastmaster-of-the-ages.html]
[www.wuxiaworld.com/novels.html]
[www.wuxiaworld.com/manage/bookmarks.html]
[www.wuxiaworld.com/novel/become-a-star.html]
[www.wuxiaworld.com/novel/'/images/Bookcover@3x.html]
[www.wuxiaworld.com/images/clock@3x.png]
[www.wuxiaworld.com/novel/the-regressor-of-mount-hua/rmh-chapter-1.html]
[www.wuxiaworld.com/announcements/the-regressor-of-mount-hua.html]
[www.wuxiaworld.com/novels/indexba05.html]
[www.wuxiaworld.com/novels/index7eba.html]
[www.wuxiaworld.com/announcements/the-regressor-of-mount-hua/schedule-change-for-the-regressor-of-mount-hua.html]
[www.wuxiaworld.com/announcements/the-regressor-of-mount-hua/september-2024-readrush-event-rmh.html]
[www.wuxiaworld.com/novel/the-regressor-of-mount-hua.html]
[www.wuxiaworld.com/images/free-blue.png]
[www.wuxiaworld.com/novel/a-pawns-passage/app-chapter-1.html]
[www.wuxiaworld.com/announcements/a-pawns-passage.html]
[www.wuxiaworld.com/novels/index4028.html]
[www.wuxiaworld.com/novels/index1f20.html]
[www.wuxiaworld.com/novel/a-pawns-passage.html]
[www.wuxiaworld.com/announcements/a-pawns-passage/september-2024-readrush-event-app.html]
[www.wuxiaworld.com/novel/wayfarer/wf-chapter-1.html]
[www.wuxiaworld.com/novel/wayfarer.html]
[www.wuxiaworld.com/announcements/wayfarer.html]
[www.wuxiaworld.com/novels/index0dca.html]
[www.wuxiaworld.com/novel/unrivaled-martial-emperor/ume-chapter-1.html]
[www.wuxiaworld.com/novel/unrivaled-martial-emperor.html]
[www.wuxiaworld.com/announcements/unrivaled-martial-emperor.html]
[www.wuxiaworld.com/novel/a-villains-will-to-survive/avws-chapter-1.html]
[www.wuxiaworld.com/announcements/a-villains-will-to-survive.html]
[www.wuxiaworld.com/novels/indexdbd1.html]
[www.wuxiaworld.com/announcements/a-villains-will-to-survive/avws-mini-wiki.html]
[www.wuxiaworld.com/novel/a-villains-will-to-survive.html]
[www.wuxiaworld.com/announcements/a-villains-will-to-survive/lets-welcome-vadader.html]
[www.wuxiaworld.com/novel/genius-archers-streaming/gas-chapter-1.html]
[www.wuxiaworld.com/announcements/genius-archers-streaming.html]
[www.wuxiaworld.com/novels/indexb037.html]
[www.wuxiaworld.com/novels/index2382.html]
[www.wuxiaworld.com/announcements/genius-archers-streaming/christmas-drops-for-gas.html]
[www.wuxiaworld.com/novels/index1b02.html]
[www.wuxiaworld.com/novels/index48d1.html]
[www.wuxiaworld.com/announcements/genius-archers-streaming/yenmazing-says-hello.html]
[www.wuxiaworld.com/novel/genius-archers-streaming.html]
[www.wuxiaworld.com/novel/sss-class-revival-hunter.html]
[www.wuxiaworld.com/novel/on-hiatus-god-personal-reasons.html]
[www.wuxiaworld.com/novel/big-life.html]
[www.wuxiaworld.com/novel/star-gate.html]
[www.wuxiaworld.com/novel/planet-pulverizer-a-mortals-ascent.html]
[www.wuxiaworld.com/novel/tales-of-demons-and-gods.html]
[www.wuxiaworld.com/news/the-regular-karma-system-will-be-replaced-on-october-9th.html]
[www.wuxiaworld.com/news/a-villains-will-to-survive-is-out-now.html]
[cdn.wuxiaworld.com/uploads/jaspaaar/images/0jqfye4s.rz1.png]
[www.wuxiaworld.com/news/this-game-is-too-realistic.html]
[www.wuxiaworld.com/novel/this-game-is-too-realistic.html]
[www.wuxiaworld.com/novel/invincible.html]
[www.wuxiaworld.com/novel/splitting-the-heavens.html]
[www.wuxiaworld.com/news/starforce-warriors-and-unrivaled-tang-sect-on-amazon.html]
[www.wuxiaworld.com/novel/starforce-warriors.html]
[www.wuxiaworld.com/news/the-sword-emperor-transmigrates.html]
[www.wuxiaworld.com/novel/the-sword-emperor-transmigrates.html]
[www.wuxiaworld.com/novel/the-frozen-player-returns.html]
[www.wuxiaworld.com/novel/thunder-gods-reincarnation.html]
[www.wuxiaworld.com/news.html]
[www.wuxiaworld.com/news/sss-class-revival-hunter-has-arrived.html]
[www.wuxiaworld.com/news/on-hiatus-gods-personal-reasons.html]
[www.wuxiaworld.com/news/planet-pulverizer-a-mortals-ascent-and-overgeared-book-3.html]
[www.wuxiaworld.com/news/the-cultivation-key-system-has-been-implemented.html]
[www.wuxiaworld.com/novel/index.html]
[www.wuxiaworld.com/'/images/Bookcover@3x.html]
[www.wuxiaworld.com/updates.html]
[www.wuxiaworld.com/about.html]
[www.wuxiaworld.com/news/licensing-questions-answered-in-wuxiaworlds-teahouse.html]
[www.wuxiaworld.com/contact-us.html]
[www.wuxiaworld.com/terms-of-service.html]
[www.wuxiaworld.com/manage/subscriptions/faq.html]
[www.wuxiaworld.com/privacy-policy-addendum-for-gdpr.html]
[www.wuxiaworld.com/privacy-policy.html]
[www.wuxiaworld.com/cookie-policy.html]
[www.wuxiaworld.com/privacy-policy-addendum-for-ccpa.html]
[www.wuxiaworld.com/novels/'/images/Bookcover@3x.html]
[www.wuxiaworld.com/novel/everyone-is-young-except-for-me.html]
[www.wuxiaworld.com/novels/index209e.html]
[www.wuxiaworld.com/novel/fields-of-gold.html]
[www.wuxiaworld.com/novels/indexb165.html]
[www.wuxiaworld.com/novel/gourmet-gaming.html]
[www.wuxiaworld.com/novel/martial-world.html]
[www.wuxiaworld.com/novel/skyfire-avenue.html]
[www.wuxiaworld.com/novel/the-godsfall-chronicles.html]
[www.wuxiaworld.com/novels/index79cd.html]
[www.wuxiaworld.com/novels/index0992.html]
[www.wuxiaworld.com/novel/talisman-emperor.html]
[www.wuxiaworld.com/novel/rmjiir/rmjiir-chapter-1.html]
[www.wuxiaworld.com/announcements/rmjiir.html]
[www.wuxiaworld.com/announcements/rmjiir/translation-feedback-survey-rmjiir.html]
[www.wuxiaworld.com/novel/rmjiir.html]
[www.wuxiaworld.com/novel/rmji/rmji-chapter-1.html]
[www.wuxiaworld.com/novels/index3381.html]
[www.wuxiaworld.com/announcements/rmji.html]
[www.wuxiaworld.com/announcements/rmji/a-record-of-a-mortals-journey-to-immortality-immortal-realm.html]
[www.wuxiaworld.com/novel/rmji.html]
[www.wuxiaworld.com/novels/index2f9b.html]
[www.wuxiaworld.com/announcements/rmji/end-of-rmji.html]
[www.wuxiaworld.com/novel/a-will-eternal/awe-art-gallery.html]
[www.wuxiaworld.com/novels/indexfa53.html]
[www.wuxiaworld.com/announcements/a-will-eternal.html]
[www.wuxiaworld.com/novels/index91ba.html]
[www.wuxiaworld.com/announcements/a-will-eternal/a-new-novel-in-the-same-universe-as-a-will-eternal.html]
[www.wuxiaworld.com/novel/a-will-eternal.html]
[www.wuxiaworld.com/announcements/a-will-eternal/cyberpunk-cultivation-series-continues.html]
[www.wuxiaworld.com/novel/i-shall-seal-the-heavens/issth-book-1-chapter-1.html]
[www.wuxiaworld.com/page/i-shall-seal-the-heavens/i-shall-seal-the-heavens-art-gallery.html]
[www.wuxiaworld.com/novels/index14c0.html]
[www.wuxiaworld.com/announcements/i-shall-seal-the-heavens.html]
[www.wuxiaworld.com/announcements/i-shall-seal-the-heavens/a-new-novel-in-the-same-universe-as-i-shall-seal-the-heavens.html]
[www.wuxiaworld.com/novel/i-shall-seal-the-heavens.html]
[www.wuxiaworld.com/announcements/i-shall-seal-the-heavens/cyberpunk-meets-cultivation-the-series-continues.html]
[www.wuxiaworld.com/novels/indexaf37.html]
[www.wuxiaworld.com/novel/above-your-head/ayh-chapter-0.html]
[www.wuxiaworld.com/announcements/above-your-head.html]
[www.wuxiaworld.com/announcements/above-your-head/above-your-head-subscriptions-end-dates.html]
[www.wuxiaworld.com/announcements/above-your-head/slight-delay-in-chapters.html]
[www.wuxiaworld.com/novel/above-your-head.html]
[www.wuxiaworld.com/novels/indexada3.html]
[www.wuxiaworld.com/novel/absolute-resonance/ar-chapter-1.html]
[www.wuxiaworld.com/announcements/absolute-resonance.html]
[www.wuxiaworld.com/announcements/absolute-resonance/new-absolute-resonance-tier-heavenly-emperor.html]
[www.wuxiaworld.com/announcements/absolute-resonance/question-and-answer-session-with-translator-midas.html]
[www.wuxiaworld.com/novel/absolute-resonance.html]
[www.wuxiaworld.com/novels/index2fef.html]
[www.wuxiaworld.com/novel/after-ten-millennia-in-hell/atmh-chapter-1.html]
[www.wuxiaworld.com/announcements/after-ten-millennia-in-hell.html]
[www.wuxiaworld.com/announcements/after-ten-millennia-in-hell/change-in-release-schedule-of-atmh.html]
[www.wuxiaworld.com/novel/after-ten-millennia-in-hell.html]
[www.wuxiaworld.com/novels/indexdfbd.html]
[www.wuxiaworld.com/announcements/after-ten-millennia-in-hell/erigi-is-back.html]
[www.wuxiaworld.com/novel/against-the-gods/atg-chapter-0.html]
[www.wuxiaworld.com/page/against-the-gods/heretic-god-attributes.html]
[www.wuxiaworld.com/novels/indexf8b8.html]
[www.wuxiaworld.com/novels/index5bff.html]
[www.wuxiaworld.com/page/against-the-gods/official-art.html]
[www.wuxiaworld.com/announcements/against-the-gods.html]
[www.wuxiaworld.com/announcements/against-the-gods/mars-is-baaack.html]
[www.wuxiaworld.com/announcements/against-the-gods/helping-a-friend-in-need.html]
[www.wuxiaworld.com/novel/against-the-gods.html]
[www.wuxiaworld.com/novels/indexfe06.html]
[www.wuxiaworld.com/novel/almighty-sword-domain/asd-chapter-1.html]
[www.wuxiaworld.com/announcements/almighty-sword-domain.html]
[www.wuxiaworld.com/announcements/almighty-sword-domain/merry-christmas-and-happy-2-year-anniversary.html]
[www.wuxiaworld.com/novel/almighty-sword-domain.html]
[www.wuxiaworld.com/announcements/almighty-sword-domain/1000-chapters-milestone.html]
[www.wuxiaworld.com/novel/ancient-strengthening-technique/ast-chapter-1.html]
[www.wuxiaworld.com/announcements/ancient-strengthening-technique.html]
[www.wuxiaworld.com/announcements/ancient-strengthening-technique/concerning-ast-sponsorship.html]
[www.wuxiaworld.com/novel/ancient-strengthening-technique.html]
[www.wuxiaworld.com/announcements/ancient-strengthening-technique/announcement-for-ast-usdusd-giveaway-winners.html]
[www.wuxiaworld.com/novel/archfiend/af-chapter-1.html]
[www.wuxiaworld.com/announcements/archfiend.html]
[www.wuxiaworld.com/announcements/archfiend/archfiend-hiatus.html]
[www.wuxiaworld.com/novel/archfiend.html]
[www.wuxiaworld.com/novels/index6067.html]
[www.wuxiaworld.com/announcements/archfiend/archfiend-chapter-500-milestone.html]
[www.wuxiaworld.com/novel/barbarian-quest/bq-chapter-1.html]
[www.wuxiaworld.com/announcements/barbarian-quest.html]
[www.wuxiaworld.com/announcements/barbarian-quest/welcome-to-urichs-adventures.html]
[www.wuxiaworld.com/novel/barbarian-quest.html]
[www.wuxiaworld.com/novels/indexe1c9.html]
[www.wuxiaworld.com/announcements/barbarian-quest/urichs-adventure-is-coming-to-an-end.html]
[www.wuxiaworld.com/novel/battle-through-the-heavens/btth-chapter-1.html]
[www.wuxiaworld.com/announcements/battle-through-the-heavens.html]
[www.wuxiaworld.com/announcements/battle-through-the-heavens/btth-1643-1648.html]
[www.wuxiaworld.com/novel/battle-through-the-heavens.html]
[www.wuxiaworld.com/announcements/battle-through-the-heavens/btth-1640-1642.html]
[www.wuxiaworld.com/novel/beastmaster-of-the-ages/bota-chapter-1.html]
[www.wuxiaworld.com/novels/indexc426.html]
[www.wuxiaworld.com/novel/heavens-devourer.html]
[www.wuxiaworld.com/announcements/beastmaster-of-the-ages.html]
[www.wuxiaworld.com/announcements/beastmaster-of-the-ages/translation-feedback-survey-bota.html]
[www.wuxiaworld.com/novel/beastmaster-of-the-ages.html]
[www.wuxiaworld.com/announcements/beastmaster-of-the-ages/the-adventures-of-the-little-chick-continues-and-li-tianming-but-tbh-no-one-cares-about-him.html]
[www.wuxiaworld.com/novel/become-a-star/bas-chapter-1.html]
[www.wuxiaworld.com/announcements/become-a-star.html]
[www.wuxiaworld.com/novel/become-a-star.html]
[www.wuxiaworld.com/novel/'/images/Bookcover@3x.html]
[www.wuxiaworld.com/announcements/become-a-star/the-end-of-a-star.html]
[www.wuxiaworld.com/novel/the-regressor-of-mount-hua/rmh-chapter-2.html]
[www.wuxiaworld.com/novel/the-regressor-of-mount-hua/'/images/Bookcover@3x.html]
[www.wuxiaworld.com/novel/the-regressor-of-mount-hua/rmh-chapter-1.html]
[www.wuxiaworld.com/novels/indexba05.html]
[www.wuxiaworld.com/novels/index7eba.html]
[www.wuxiaworld.com/cdn-cgi/challenge-platform/h/b/scripts/jsd/22755d9a86c9/maind41d.js]
[www.wuxiaworld.com/announcements.html]
[www.wuxiaworld.com/announcements/the-regressor-of-mount-hua.html]
[www.wuxiaworld.com/announcements/the-regressor-of-mount-hua/schedule-change-for-the-regressor-of-mount-hua.html]
[www.wuxiaworld.com/announcements/the-regressor-of-mount-hua/september-2024-readrush-event-rmh.html]
[www.wuxiaworld.com/announcements/undefined.html]
[www.wuxiaworld.com/novel/a-pawns-passage/app-chapter-2.html]
[www.wuxiaworld.com/novel/a-pawns-passage/app-chapter-1.html]
[www.wuxiaworld.com/novels/index4028.html]
[www.wuxiaworld.com/novels/index1f20.html]
[www.wuxiaworld.com/announcements/a-pawns-passage.html]
[www.wuxiaworld.com/announcements/a-pawns-passage/september-2024-readrush-event-app.html]
[www.wuxiaworld.com/novel/a-pawns-passage/'/images/Bookcover@3x.html]
[www.wuxiaworld.com/novel/wayfarer/wf-chapter-2.html]
[www.wuxiaworld.com/novel/wayfarer/wf-chapter-1.html]
[www.wuxiaworld.com/novels/index0dca.html]
[www.wuxiaworld.com/announcements/wayfarer.html]
[www.wuxiaworld.com/novel/wayfarer/'/images/Bookcover@3x.html]
[www.wuxiaworld.com/novel/unrivaled-martial-emperor/ume-chapter-2.html]
[www.wuxiaworld.com/novel/unrivaled-martial-emperor/ume-chapter-1.html]
[www.wuxiaworld.com/announcements/unrivaled-martial-emperor.html]
[www.wuxiaworld.com/novel/unrivaled-martial-emperor/'/images/Bookcover@3x.html]
[www.wuxiaworld.com/novel/a-villains-will-to-survive/avws-chapter-2.html]
[www.wuxiaworld.com/novel/a-villains-will-to-survive/avws-chapter-1.html]
[www.wuxiaworld.com/novels/indexdbd1.html]
[www.wuxiaworld.com/announcements/a-villains-will-to-survive.html]
[www.wuxiaworld.com/announcements/a-villains-will-to-survive/avws-mini-wiki.html]
[www.wuxiaworld.com/announcements/a-villains-will-to-survive/lets-welcome-vadader.html]
[www.wuxiaworld.com/novel/a-villains-will-to-survive/'/images/Bookcover@3x.html]
[www.wuxiaworld.com/novel/genius-archers-streaming/gas-chapter-2.html]
[www.wuxiaworld.com/novel/genius-archers-streaming/gas-chapter-1.html]
[www.wuxiaworld.com/novels/indexb037.html]
[www.wuxiaworld.com/novels/index2382.html]
[www.wuxiaworld.com/novels/index1b02.html]
[www.wuxiaworld.com/novels/index48d1.html]
[www.wuxiaworld.com/announcements/genius-archers-streaming.html]
[www.wuxiaworld.com/novel/genius-archers-streaming/'/images/Bookcover@3x.html]
[cdn.wuxiaworld.com/uploads/cosyjuhye/genius-archers-streaming/images/1hambhcr.nxg.jpg]
[www.wuxiaworld.com/novel/damn-reincarnation.html]
[www.wuxiaworld.com/novel/descent-of-the-demon-master.html]
[www.wuxiaworld.com/novel/first-immortal-of-the-sword.html]
[www.wuxiaworld.com/novel/immortal-of-the-ages.html]
[www.wuxiaworld.com/announcements/genius-archers-streaming/christmas-drops-for-gas.html]
[www.wuxiaworld.com/announcements/genius-archers-streaming/yenmazing-says-hello.html]
[www.wuxiaworld.com/novel/the-creature-we-are.html]
[www.wuxiaworld.com/novel/sss-class-revival-hunter/sss-chapter-1.html]
[www.wuxiaworld.com/announcements/sss-class-revival-hunter.html]
[www.wuxiaworld.com/novel/sss-class-revival-hunter.html]
[www.wuxiaworld.com/novel/on-hiatus-god-personal-reasons/ohgpr-chapter-1.html]
[www.wuxiaworld.com/announcements/on-hiatus-god-personal-reasons.html]
[www.wuxiaworld.com/novel/on-hiatus-god-personal-reasons.html]
[www.wuxiaworld.com/announcements/on-hiatus-god-personal-reasons/j-andie-is-back-along-with-anicca-as-my-editor.html]
[www.wuxiaworld.com/novel/big-life/bl-chapter-1.html]
[www.wuxiaworld.com/announcements/big-life.html]
[www.wuxiaworld.com/novels/indexacef.html]
[www.wuxiaworld.com/announcements/big-life/andie-reporting-to-big-life.html]
[www.wuxiaworld.com/novel/big-life.html]
[www.wuxiaworld.com/announcements/big-life/goodbye-my-man-jae-gun.html]
[www.wuxiaworld.com/novel/star-gate/sg-chapter-1.html]
[www.wuxiaworld.com/announcements/star-gate.html]
[www.wuxiaworld.com/announcements/star-gate/september-2024-readrush-event-sg.html]
[www.wuxiaworld.com/announcements/star-gate/happy-100-to-star-gate.html]
[www.wuxiaworld.com/novel/star-gate.html]
[www.wuxiaworld.com/novel/planet-pulverizer-a-mortals-ascent/pp-chapter-1.html]
[www.wuxiaworld.com/novel/planet-pulverizer-a-mortals-ascent.html]
[www.wuxiaworld.com/announcements/planet-pulverizer-a-mortals-ascent.html]
[www.wuxiaworld.com/novels/index6ad1.html]
[www.wuxiaworld.com/novel/tales-of-demons-and-gods/tdg-chapter-1.html]
[www.wuxiaworld.com/announcements/tales-of-demons-and-gods.html]
[www.wuxiaworld.com/announcements/tales-of-demons-and-gods/【tdg】-announcement.html]
[www.wuxiaworld.com/novel/tales-of-demons-and-gods.html]
[www.wuxiaworld.com/news/the-regular-karma-system-will-be-replaced-on-october-9th.html]
[www.wuxiaworld.com/news/a-villains-will-to-survive-is-out-now.html]
[www.wuxiaworld.com/news/this-game-is-too-realistic.html]
[www.wuxiaworld.com/announcements/tales-of-demons-and-gods/official-welcome-post-for-thyaeria-and-tales-of-demons-gods.html]
[www.wuxiaworld.com/novel/this-game-is-too-realistic/gtr-chapter-0.html]
[www.wuxiaworld.com/novels/indexa4a1.html]
[www.wuxiaworld.com/announcements/this-game-is-too-realistic.html]
[www.wuxiaworld.com/novel/this-game-is-too-realistic.html]
[www.wuxiaworld.com/novel/invincible/inv-chapter-1.html]
[www.wuxiaworld.com/announcements/invincible.html]
[www.wuxiaworld.com/announcements/invincible/the-last-fron-tier.html]
[www.wuxiaworld.com/novel/invincible.html]
[www.wuxiaworld.com/announcements/invincible/new-tier-added.html]
[www.wuxiaworld.com/page/splitting-the-heavens/glossary.html]
[www.wuxiaworld.com/novel/splitting-the-heavens/sth-chapter-1.html]
[www.wuxiaworld.com/announcements/splitting-the-heavens.html]
[www.wuxiaworld.com/announcements/splitting-the-heavens/blips-bloc.html]
[www.wuxiaworld.com/novel/splitting-the-heavens.html]
[www.wuxiaworld.com/news/starforce-warriors-and-unrivaled-tang-sect-on-amazon.html]
[www.wuxiaworld.com/announcements/splitting-the-heavens/blips-qa.html]
[www.wuxiaworld.com/novel/starforce-warriors/sw-chapter-1.html]
[www.wuxiaworld.com/announcements/starforce-warriors.html]
[www.wuxiaworld.com/novel/starforce-warriors.html]
[www.wuxiaworld.com/news/the-sword-emperor-transmigrates.html]
[www.wuxiaworld.com/novel/the-sword-emperor-transmigrates/tset-chapter-1.html]
[www.wuxiaworld.com/announcements/the-sword-emperor-transmigrates.html]
[www.wuxiaworld.com/novel/the-sword-emperor-transmigrates.html]
[www.wuxiaworld.com/announcements/the-sword-emperor-transmigrates/hello-from-nekogami-and-castor.html]
[www.wuxiaworld.com/novel/the-frozen-player-returns/fpr-chapter-1.html]
[www.wuxiaworld.com/page/the-frozen-player-returns/official-art-of-frozen-player-returns.html]
[www.wuxiaworld.com/announcements/the-frozen-player-returns.html]
[www.wuxiaworld.com/announcements/the-frozen-player-returns/time-to-say-farewell.html]
[www.wuxiaworld.com/novel/the-frozen-player-returns.html]
[www.wuxiaworld.com/announcements/the-frozen-player-returns/official-artwork.html]
[www.wuxiaworld.com/novel/thunder-gods-reincarnation/thgr-chapter-1.html]
[www.wuxiaworld.com/announcements/thunder-gods-reincarnation.html]
[www.wuxiaworld.com/announcements/thunder-gods-reincarnation/nekogami-is-here.html]
[www.wuxiaworld.com/novel/thunder-gods-reincarnation.html]
[www.wuxiaworld.com/news/licensing-questions-answered-in-wuxiaworlds-teahouse.html]
[www.wuxiaworld.com/manage/subscriptions/faq.html]
[www.wuxiaworld.com/privacy-policy-addendum-for-gdpr.html]
[www.wuxiaworld.com/privacy-policy-addendum-for-ccpa.html]
[www.wuxiaworld.com/novels/'/images/Bookcover@3x.html]
[www.wuxiaworld.com/novels/index209e.html]
[www.wuxiaworld.com/announcements/thunder-gods-reincarnation/time-to-say-goodbye-to-the-thunder-god.html]
[www.wuxiaworld.com/novel/everyone-is-young-except-for-me/eyem-chapter-1.html]
[www.wuxiaworld.com/announcements/everyone-is-young-except-for-me.html]
[www.wuxiaworld.com/announcements/everyone-is-young-except-for-me/rts-eyemrr-event-results.html]
[www.wuxiaworld.com/novel/everyone-is-young-except-for-me.html]
[www.wuxiaworld.com/novels/indexb165.html]
[www.wuxiaworld.com/announcements/everyone-is-young-except-for-me/eyem-rr-fanartfanfiction-voting.html]
[www.wuxiaworld.com/novel/fields-of-gold.html]
[www.wuxiaworld.com/novel/fields-of-gold/fog-chapter-1.html]
[www.wuxiaworld.com/announcements/fields-of-gold.html]
[www.wuxiaworld.com/novels/index311e.html]
[www.wuxiaworld.com/novel/gourmet-gaming/lute-chapter-1.html]
[www.wuxiaworld.com/announcements/gourmet-gaming.html]
[www.wuxiaworld.com/announcements/gourmet-gaming/september-readrush-gourmet-gaming.html]
[www.wuxiaworld.com/novel/gourmet-gaming.html]
[www.wuxiaworld.com/announcements/gourmet-gaming/translation-feedback-survey-gg.html]
[www.wuxiaworld.com/novel/martial-world/mw-chapter-0.html]
[www.wuxiaworld.com/announcements/martial-world.html]
[www.wuxiaworld.com/announcements/martial-world/new-novel.html]
[www.wuxiaworld.com/novel/martial-world.html]
[www.wuxiaworld.com/announcements/martial-world/martial-world-complete.html]
[www.wuxiaworld.com/novel/skyfire-avenue/sfl-chapter-1.html]
[www.wuxiaworld.com/announcements/skyfire-avenue.html]
[www.wuxiaworld.com/announcements/skyfire-avenue/deathblade-livestreaming-with-skyfire-avenue-translator-xiao-lai-now.html]
[www.wuxiaworld.com/novel/skyfire-avenue.html]
[www.wuxiaworld.com/novel/the-godsfall-chronicles.html]
[www.wuxiaworld.com/announcements/skyfire-avenue/skyfire-avenue-dump-chapters-718-723.html]
[www.wuxiaworld.com/novel/talisman-emperor/te-book-1-chapter-1.html]
[www.wuxiaworld.com/page/talisman-emperor/glossary.html]
[www.wuxiaworld.com/page/talisman-emperor/annual-leave.html]
[www.wuxiaworld.com/announcements/talisman-emperor.html]
[www.wuxiaworld.com/announcements/talisman-emperor/2000-chapters-milestone-14-bonus-chaps.html]
[www.wuxiaworld.com/novel/talisman-emperor.html]
[www.wuxiaworld.com/announcements/talisman-emperor/completion-dates-for-each-tier.html]
[www.wuxiaworld.com/novel/rmjiir/rmjiir-chapter-2.html]
[www.wuxiaworld.com/novel/rmjiir/rmjiir-chapter-1.html]
[www.wuxiaworld.com/announcements/rmjiir.html]
[www.wuxiaworld.com/announcements/rmjiir/translation-feedback-survey-rmjiir.html]
[www.wuxiaworld.com/novel/rmjiir/'/images/Bookcover@3x.html]
[www.wuxiaworld.com/novel/rmji/rmji-chapter-2.html]
[www.wuxiaworld.com/novel/rmji/rmji-chapter-1.html]
[www.wuxiaworld.com/novels/index3381.html]
[www.wuxiaworld.com/announcements/rmji.html]
[www.wuxiaworld.com/announcements/rmji/a-record-of-a-mortals-journey-to-immortality-immortal-realm.html]
[www.wuxiaworld.com/announcements/rmji/end-of-rmji.html]
[www.wuxiaworld.com/novel/rmji/'/images/Bookcover@3x.html]
[cdn.wuxiaworld.com/uploads/deathblade/a-will-eternal/images/zy42phpv.ywk.jpg]
[cdn.wuxiaworld.com/uploads/deathblade/a-will-eternal/images/vrbuqb5u.1s4.jpg]
[cdn.wuxiaworld.com/uploads/deathblade/a-will-eternal/images/1fydgmwp.ydc.jpg]
[cdn.wuxiaworld.com/uploads/deathblade/a-will-eternal/images/xilqtc2t.rm3.jpg]
[cdn.wuxiaworld.com/uploads/deathblade/a-will-eternal/images/kccff2jd.2km.jpg]
[cdn.wuxiaworld.com/uploads/deathblade/a-will-eternal/images/mtzr4cur.en2.jpg]
[cdn.wuxiaworld.com/uploads/deathblade/a-will-eternal/images/jhsyk0jb.mvc.jpg]
[cdn.wuxiaworld.com/uploads/deathblade/a-will-eternal/images/ipdhaxwe.ugw.jpg]
[cdn.wuxiaworld.com/uploads/deathblade/a-will-eternal/images/cpfjwa2i.l2q.png]
[cdn.wuxiaworld.com/uploads/deathblade/a-will-eternal/images/ia5vgdkh.xs5.jpg]
[cdn.wuxiaworld.com/uploads/deathblade/a-will-eternal/images/a51jw0hu.t3h.jpg]
[cdn.wuxiaworld.com/uploads/deathblade/a-will-eternal/images/ezqpqipa.052.jpg]
[cdn.wuxiaworld.com/uploads/deathblade/a-will-eternal/images/znnr3gfk.tps.jpg]
[cdn.wuxiaworld.com/uploads/deathblade/a-will-eternal/images/iuglexll.icr.jpg]
[cdn.wuxiaworld.com/uploads/deathblade/a-will-eternal/images/ct4nf2a4.joj.jpg]
[cdn.wuxiaworld.com/uploads/deathblade/a-will-eternal/images/q2yau5wz.gpb.jpg]
[cdn.wuxiaworld.com/uploads/deathblade/a-will-eternal/images/l4hpylrd.xej.png]
[cdn.wuxiaworld.com/uploads/deathblade/a-will-eternal/images/4ycwohfl.m5j.jpg]
[cdn.wuxiaworld.com/uploads/deathblade/a-will-eternal/images/uycpgwnv.jdj.jpg]
[cdn.wuxiaworld.com/uploads/deathblade/a-will-eternal/images/y2z2jomf.qzq.jpg]
[cdn.wuxiaworld.com/uploads/deathblade/a-will-eternal/images/tp0dqmvd.omb.jpg]
[cdn.wuxiaworld.com/uploads/deathblade/a-will-eternal/images/pmor0zwa.l2q.jpg]
[www.wuxiaworld.com/novel/a-will-eternal/awe-glossary.html]
[www.wuxiaworld.com/novel/a-will-eternal/awe-art-gallery.html]
[www.wuxiaworld.com/novels/indexfa53.html]
[www.wuxiaworld.com/novels/index91ba.html]
[www.wuxiaworld.com/announcements/a-will-eternal.html]
[www.wuxiaworld.com/novel/a-will-eternal/'/images/Bookcover@3x.html]
[www.wuxiaworld.com/announcements/a-will-eternal/a-new-novel-in-the-same-universe-as-a-will-eternal.html]
[www.wuxiaworld.com/announcements/a-will-eternal/cyberpunk-cultivation-series-continues.html]
[www.wuxiaworld.com/novel/beyond-the-timescape.html]
[www.wuxiaworld.com/novel/i-shall-seal-the-heavens/issth-book-1-chapter-2.html]
[www.wuxiaworld.com/novel/i-shall-seal-the-heavens/issth-book-1-chapter-1.html]
[www.wuxiaworld.com/novels/index14c0.html]
[www.wuxiaworld.com/novel/i-shall-seal-the-heavens/'/images/Bookcover@3x.html]
[cdn.wuxiaworld.com/uploads/deathblade/i-shall-seal-the-heavens/images/xcxdw2eh.qsd.jpg]
[cdn.wuxiaworld.com/uploads/deathblade/i-shall-seal-the-heavens/images/n0tlikph.02c.jpg]
[cdn.wuxiaworld.com/uploads/deathblade/i-shall-seal-the-heavens/images/zugipxa2.5m2.jpg]
[cdn.wuxiaworld.com/uploads/deathblade/i-shall-seal-the-heavens/images/ilbmvbyd.120.jpg]
[cdn.wuxiaworld.com/uploads/deathblade/i-shall-seal-the-heavens/images/h5u4hunx.zbz.jpg]
[cdn.wuxiaworld.com/uploads/deathblade/i-shall-seal-the-heavens/images/ybrvpwd4.dol.jpg]
[cdn.wuxiaworld.com/uploads/deathblade/i-shall-seal-the-heavens/images/2frh1c5a.imr.jpg]
[cdn.wuxiaworld.com/uploads/deathblade/i-shall-seal-the-heavens/images/itcdh15o.ol4.jpg]
[cdn.wuxiaworld.com/uploads/deathblade/i-shall-seal-the-heavens/images/pmi5sgem.nn4.jpg]
[cdn.wuxiaworld.com/uploads/deathblade/i-shall-seal-the-heavens/images/txviolfy.4ui.jpg]
[cdn.wuxiaworld.com/uploads/deathblade/i-shall-seal-the-heavens/images/zddadnal.jzu.jpg]
[cdn.wuxiaworld.com/uploads/deathblade/i-shall-seal-the-heavens/images/eqyhusuh.tej.jpg]
[cdn.wuxiaworld.com/uploads/deathblade/i-shall-seal-the-heavens/images/wtx1vseq.4y0.jpg]
[cdn.wuxiaworld.com/uploads/deathblade/i-shall-seal-the-heavens/images/n4bezp34.dyc.jpg]
[cdn.wuxiaworld.com/uploads/deathblade/i-shall-seal-the-heavens/images/yquvgx4k.k1l.jpg]
[cdn.wuxiaworld.com/uploads/deathblade/i-shall-seal-the-heavens/images/5kyjw2pe.i4p.jpg]
[cdn.wuxiaworld.com/uploads/deathblade/i-shall-seal-the-heavens/images/i2ykfdy3.p3p.jpg]
[cdn.wuxiaworld.com/uploads/deathblade/i-shall-seal-the-heavens/images/ui5fi1pr.yrq.jpg]
[cdn.wuxiaworld.com/uploads/deathblade/i-shall-seal-the-heavens/images/0qij0eqi.osx.jpg]
[cdn.wuxiaworld.com/uploads/deathblade/i-shall-seal-the-heavens/images/bse0iivv.dhg.jpg]
[cdn.wuxiaworld.com/uploads/deathblade/i-shall-seal-the-heavens/images/1ftiwf5u.tpp.jpg]
[cdn.wuxiaworld.com/uploads/deathblade/i-shall-seal-the-heavens/images/r5vve0zu.znz.jpg]
[cdn.wuxiaworld.com/uploads/deathblade/i-shall-seal-the-heavens/images/dhpavmi5.uwo.jpg]
[www.wuxiaworld.com/page/i-shall-seal-the-heavens/i-shall-seal-the-heavens-art-gallery.html]
[www.wuxiaworld.com/announcements/i-shall-seal-the-heavens.html]
[www.wuxiaworld.com/announcements/i-shall-seal-the-heavens/a-new-novel-in-the-same-universe-as-i-shall-seal-the-heavens.html]
[www.wuxiaworld.com/announcements/i-shall-seal-the-heavens/cyberpunk-meets-cultivation-the-series-continues.html]
[www.wuxiaworld.com/novel/above-your-head/ayh-chapter-1.html]
[www.wuxiaworld.com/novel/above-your-head/ayh-chapter-0.html]
[www.wuxiaworld.com/announcements/above-your-head.html]
[www.wuxiaworld.com/announcements/above-your-head/above-your-head-subscriptions-end-dates.html]
[www.wuxiaworld.com/announcements/above-your-head/slight-delay-in-chapters.html]
[www.wuxiaworld.com/novel/above-your-head/'/images/Bookcover@3x.html]
[www.wuxiaworld.com/novel/absolute-resonance/ar-chapter-2.html]
[www.wuxiaworld.com/novel/absolute-resonance/ar-chapter-1.html]
[www.wuxiaworld.com/announcements/absolute-resonance.html]
[www.wuxiaworld.com/announcements/absolute-resonance/new-absolute-resonance-tier-heavenly-emperor.html]
[www.wuxiaworld.com/announcements/absolute-resonance/question-and-answer-session-with-translator-midas.html]
[www.wuxiaworld.com/novel/absolute-resonance/'/images/Bookcover@3x.html]
[www.wuxiaworld.com/novel/after-ten-millennia-in-hell/atmh-chapter-2.html]
[www.wuxiaworld.com/novel/after-ten-millennia-in-hell/atmh-chapter-1.html]
[www.wuxiaworld.com/announcements/after-ten-millennia-in-hell.html]
[www.wuxiaworld.com/announcements/after-ten-millennia-in-hell/change-in-release-schedule-of-atmh.html]
[www.wuxiaworld.com/announcements/after-ten-millennia-in-hell/erigi-is-back.html]
[www.wuxiaworld.com/novel/after-ten-millennia-in-hell/'/images/Bookcover@3x.html]
[www.wuxiaworld.com/novel/against-the-gods/atg-chapter-1.html]
[www.wuxiaworld.com/novel/against-the-gods/atg-chapter-0.html]
[www.wuxiaworld.com/novels/indexf8b8.html]
[www.wuxiaworld.com/novels/index5bff.html]
[www.wuxiaworld.com/page/against-the-gods/heretic-god-attributes.html]
[www.wuxiaworld.com/novel/against-the-gods/'/images/Bookcover@3x.html]
[cdn.wuxiaworld.com/uploads/alyschu/against-the-gods/images/21fmi1wy.0wo.jpg]
[cdn.wuxiaworld.com/uploads/alyschu/against-the-gods/images/ccplffko.hak.jpg]
[cdn.wuxiaworld.com/uploads/alyschu/against-the-gods/images/ncaukv5t.2rp.jpg]
[cdn.wuxiaworld.com/uploads/alyschu/against-the-gods/images/3qtnd0wb.mmr.png]
[cdn.wuxiaworld.com/uploads/alyschu/against-the-gods/images/zo2cz115.x4r.jpg]
[cdn.wuxiaworld.com/uploads/alyschu/against-the-gods/images/kvlubeq5.i2y.jpg]
[cdn.wuxiaworld.com/uploads/alyschu/against-the-gods/images/guzql5oj.4qx.jpg]
[cdn.wuxiaworld.com/uploads/alyschu/against-the-gods/images/d1udlf1j.h1q.png]
[cdn.wuxiaworld.com/uploads/alyschu/against-the-gods/images/b30zjnyk.grs.jpg]
[cdn.wuxiaworld.com/uploads/alyschu/against-the-gods/images/rwd45bqi.br4.png]
[cdn.wuxiaworld.com/uploads/alyschu/against-the-gods/images/0c4t1noc.fho.jpg]
[cdn.wuxiaworld.com/uploads/alyschu/against-the-gods/images/uytpv5bb.chc.jpg]
[cdn.wuxiaworld.com/uploads/alyschu/against-the-gods/images/d4a3yfky.tdn.jpg]
[cdn.wuxiaworld.com/uploads/alyschu/against-the-gods/images/nkyuaoid.xpf.jpg]
[cdn.wuxiaworld.com/uploads/alyschu/against-the-gods/images/3h2vvne4.ggr.jpg]
[cdn.wuxiaworld.com/uploads/alyschu/images/bovmxgnl.lmr.jpg]
[cdn.wuxiaworld.com/uploads/alyschu/images/om2fbnn4.wp5.jpg]
[cdn.wuxiaworld.com/uploads/alyschu/images/plgiepah.4kw.jpg]
[cdn.wuxiaworld.com/uploads/xuanhearts/images/4dq23qnw.e4e.jpg]
[www.wuxiaworld.com/page/against-the-gods/official-art.html]
[www.wuxiaworld.com/announcements/against-the-gods.html]
[www.wuxiaworld.com/announcements/against-the-gods/mars-is-baaack.html]
[www.wuxiaworld.com/announcements/against-the-gods/helping-a-friend-in-need.html]
[www.wuxiaworld.com/novel/almighty-sword-domain/asd-chapter-2.html]
[www.wuxiaworld.com/novel/almighty-sword-domain/asd-chapter-1.html]
[www.wuxiaworld.com/announcements/almighty-sword-domain.html]
[www.wuxiaworld.com/announcements/almighty-sword-domain/merry-christmas-and-happy-2-year-anniversary.html]
[www.wuxiaworld.com/announcements/almighty-sword-domain/1000-chapters-milestone.html]
[www.wuxiaworld.com/novel/almighty-sword-domain/'/images/Bookcover@3x.html]
[www.wuxiaworld.com/novel/ancient-strengthening-technique/ast-chapter-2.html]
[www.wuxiaworld.com/novel/ancient-strengthening-technique/ast-chapter-1.html]
[www.wuxiaworld.com/announcements/ancient-strengthening-technique.html]
[www.wuxiaworld.com/announcements/ancient-strengthening-technique/concerning-ast-sponsorship.html]
[www.wuxiaworld.com/announcements/ancient-strengthening-technique/announcement-for-ast-usdusd-giveaway-winners.html]
[www.wuxiaworld.com/novel/ancient-strengthening-technique/'/images/Bookcover@3x.html]
[www.wuxiaworld.com/novel/archfiend/af-chapter-2.html]
[www.wuxiaworld.com/novel/archfiend/af-chapter-1.html]
[www.wuxiaworld.com/announcements/archfiend.html]
[www.wuxiaworld.com/announcements/archfiend/archfiend-hiatus.html]
[www.wuxiaworld.com/announcements/archfiend/archfiend-chapter-500-milestone.html]
[www.wuxiaworld.com/novel/archfiend/'/images/Bookcover@3x.html]
[www.wuxiaworld.com/novel/barbarian-quest/bq-chapter-1.html]
[www.wuxiaworld.com/announcements/barbarian-quest.html]
[www.wuxiaworld.com/announcements/barbarian-quest/welcome-to-urichs-adventures.html]
[www.wuxiaworld.com/announcements/barbarian-quest/urichs-adventure-is-coming-to-an-end.html]
[www.wuxiaworld.com/novel/barbarian-quest/'/images/Bookcover@3x.html]
[www.wuxiaworld.com/novel/battle-through-the-heavens/btth-chapter-2.html]
[www.wuxiaworld.com/novel/battle-through-the-heavens/btth-chapter-1.html]
[www.wuxiaworld.com/announcements/battle-through-the-heavens.html]
[www.wuxiaworld.com/novel/battle-through-the-heavens/'/images/Bookcover@3x.html]
[www.wuxiaworld.com/announcements/battle-through-the-heavens/btth-1643-1648.html]
[www.wuxiaworld.com/novel/battle-through-the-heavens/btth-chapter-1643.html]
[www.wuxiaworld.com/announcements/battle-through-the-heavens/btth-1640-1642.html]
[www.wuxiaworld.com/novel/battle-through-the-heavens/btth-chapter-1640.html]
[www.wuxiaworld.com/novel/barbarian-quest/bq-chapter-2.html]
[www.wuxiaworld.com/novel/beastmaster-of-the-ages/bota-chapter-2.html]
[www.wuxiaworld.com/novel/beastmaster-of-the-ages/bota-chapter-1.html]
[www.wuxiaworld.com/novels/indexc426.html]
[www.wuxiaworld.com/novel/beastmaster-of-the-ages/'/images/Bookcover@3x.html]
[www.wuxiaworld.com/novel/heavens-devourer/hd-chapter-1.html]
[www.wuxiaworld.com/announcements/heavens-devourer.html]
[www.wuxiaworld.com/announcements/heavens-devourer/top-tier-sponsor-adjustments.html]
[www.wuxiaworld.com/novel/heavens-devourer.html]
[www.wuxiaworld.com/announcements/beastmaster-of-the-ages.html]
[www.wuxiaworld.com/announcements/beastmaster-of-the-ages/translation-feedback-survey-bota.html]
[www.wuxiaworld.com/announcements/beastmaster-of-the-ages/the-adventures-of-the-little-chick-continues-and-li-tianming-but-tbh-no-one-cares-about-him.html]
[www.wuxiaworld.com/announcements/heavens-devourer/update-on-posting-issues-and-free-chapters.html]
[www.wuxiaworld.com/novel/become-a-star/bas-chapter-2.html]
[www.wuxiaworld.com/novel/become-a-star/bas-chapter-1.html]
[www.wuxiaworld.com/announcements/become-a-star.html]
[www.wuxiaworld.com/announcements/become-a-star/the-end-of-a-star.html]
[www.wuxiaworld.com/novel/become-a-star/'/images/Bookcover@3x.html]
[www.wuxiaworld.com/novel/the-regressor-of-mount-hua/rmh-chapter-2.html]
[www.wuxiaworld.com/novel/the-regressor-of-mount-hua/'/images/Bookcover@3x.html]
[www.wuxiaworld.com/novel/the-regressor-of-mount-hua/rmh-chapter-3.html]
[www.wuxiaworld.com/announcements/shrouded-seascape/shrouded-seascape-on-podcast.html]
[www.wuxiaworld.com/announcements/the-nebulas-civilization/tnc-is-back.html]
[www.wuxiaworld.com/announcements/the-sovereigns-ascension/reaching-the-end.html]
[www.wuxiaworld.com/announcements/keyboard-immortal/caught-up-to-the-author.html]
[www.wuxiaworld.com/announcements/damn-reincarnation/merry-christmas-to-damn-reincarnation-readers.html]
[www.wuxiaworld.com/announcements/super-genius-dna/happy-reading-super-genius-dna.html]
[www.wuxiaworld.com/announcements/i-gave-up-being-stronger/in-loving-memory-of-jyazen-igubs.html]
[www.wuxiaworld.com/announcements.html]
[www.wuxiaworld.com/announcements/undefined.html]
[www.wuxiaworld.com/novel/a-pawns-passage/app-chapter-2.html]
[www.wuxiaworld.com/novel/a-pawns-passage/'/images/Bookcover@3x.html]
[www.wuxiaworld.com/novel/a-pawns-passage/app-chapter-3.html]
[www.wuxiaworld.com/novel/wayfarer/wf-chapter-2.html]
[www.wuxiaworld.com/novel/wayfarer/'/images/Bookcover@3x.html]
[www.wuxiaworld.com/novel/unrivaled-martial-emperor/ume-chapter-2.html]
[www.wuxiaworld.com/novel/unrivaled-martial-emperor/'/images/Bookcover@3x.html]
[www.wuxiaworld.com/novel/wayfarer/wf-chapter-3.html]
[www.wuxiaworld.com/novel/a-villains-will-to-survive/avws-chapter-2.html]
[www.wuxiaworld.com/novel/a-villains-will-to-survive/'/images/Bookcover@3x.html]
[www.wuxiaworld.com/novel/a-villains-will-to-survive/avws-chapter-3.html]
[www.wuxiaworld.com/novel/unrivaled-martial-emperor/ume-chapter-3.html]
[cdn.wuxiaworld.com/uploads/cosyjuhye/genius-archers-streaming/images/2uh4cl0t.e3x.jpg]
[www.wuxiaworld.com/novel/genius-archers-streaming/gas-chapter-2.html]
[www.wuxiaworld.com/novel/genius-archers-streaming/'/images/Bookcover@3x.html]
[www.wuxiaworld.com/novel/genius-archers-streaming/gas-chapter-3.html]
[www.wuxiaworld.com/novel/damn-reincarnation/dr-chapter-1.html]
[www.wuxiaworld.com/announcements/damn-reincarnation.html]
[www.wuxiaworld.com/novel/damn-reincarnation.html]
[www.wuxiaworld.com/announcements/damn-reincarnation/damn-reincarnation-comes-to-an-end.html]
[www.wuxiaworld.com/novel/descent-of-the-demon-master/ddm-chapter-1.html]
[www.wuxiaworld.com/announcements/descent-of-the-demon-master.html]
[www.wuxiaworld.com/announcements/descent-of-the-demon-master/september-readrush-descent-of-the-demon-master.html]
[www.wuxiaworld.com/announcements/descent-of-the-demon-master/christmas-extra-releases-for-ddm.html]
[www.wuxiaworld.com/novel/descent-of-the-demon-master.html]
[www.wuxiaworld.com/page/first-immortal-of-the-sword/glossary.html]
[www.wuxiaworld.com/novel/first-immortal-of-the-sword/fiots-chapter-1.html]
[www.wuxiaworld.com/novel/the-prodigies-war.html]
[www.wuxiaworld.com/announcements/first-immortal-of-the-sword.html]
[www.wuxiaworld.com/announcements/first-immortal-of-the-sword/april-readrush-first-immortal-of-the-sword.html]
[www.wuxiaworld.com/announcements/first-immortal-of-the-sword/qa-session-live.html]
[www.wuxiaworld.com/novel/first-immortal-of-the-sword.html]
[www.wuxiaworld.com/novel/immortal-of-the-ages/ita-chapter-1.html]
[www.wuxiaworld.com/announcements/immortal-of-the-ages.html]
[www.wuxiaworld.com/announcements/immortal-of-the-ages/september-2024-readrush-event-ita.html]
[www.wuxiaworld.com/novel/immortal-of-the-ages.html]
[www.wuxiaworld.com/announcements/immortal-of-the-ages/hey-its-been-a-while.html]
[www.wuxiaworld.com/novel/the-creature-we-are/tcwa-chapter-1.html]
[www.wuxiaworld.com/announcements/the-creature-we-are.html]
[www.wuxiaworld.com/announcements/the-creature-we-are/bonus-chapter-for-the-week.html]
[www.wuxiaworld.com/novel/the-creature-we-are.html]
[www.wuxiaworld.com/announcements/the-creature-we-are/translation-feedback-survey-tctwa.html]
[www.wuxiaworld.com/novel/sss-class-revival-hunter/sss-chapter-2.html]
[www.wuxiaworld.com/novel/sss-class-revival-hunter/sss-chapter-1.html]
[www.wuxiaworld.com/announcements/sss-class-revival-hunter.html]
[www.wuxiaworld.com/novel/sss-class-revival-hunter/'/images/Bookcover@3x.html]
[www.wuxiaworld.com/novel/on-hiatus-god-personal-reasons/ohgpr-chapter-2.html]
[www.wuxiaworld.com/novel/on-hiatus-god-personal-reasons/ohgpr-chapter-1.html]
[www.wuxiaworld.com/announcements/on-hiatus-god-personal-reasons.html]
[www.wuxiaworld.com/announcements/on-hiatus-god-personal-reasons/j-andie-is-back-along-with-anicca-as-my-editor.html]
[www.wuxiaworld.com/novel/on-hiatus-god-personal-reasons/'/images/Bookcover@3x.html]
[www.wuxiaworld.com/novel/big-life/bl-chapter-2.html]
[www.wuxiaworld.com/novel/big-life/bl-chapter-1.html]
[www.wuxiaworld.com/novels/indexacef.html]
[www.wuxiaworld.com/announcements/big-life.html]
[www.wuxiaworld.com/announcements/big-life/andie-reporting-to-big-life.html]
[www.wuxiaworld.com/announcements/big-life/goodbye-my-man-jae-gun.html]
[www.wuxiaworld.com/novel/big-life/'/images/Bookcover@3x.html]
[www.wuxiaworld.com/novel/star-gate/sg-chapter-2.html]
[www.wuxiaworld.com/novel/star-gate/sg-chapter-1.html]
[www.wuxiaworld.com/announcements/star-gate.html]
[www.wuxiaworld.com/announcements/star-gate/september-2024-readrush-event-sg.html]
[www.wuxiaworld.com/announcements/star-gate/happy-100-to-star-gate.html]
[www.wuxiaworld.com/novel/star-gate/'/images/Bookcover@3x.html]
[www.wuxiaworld.com/novel/planet-pulverizer-a-mortals-ascent/pp-chapter-2.html]
[www.wuxiaworld.com/novel/planet-pulverizer-a-mortals-ascent/pp-chapter-1.html]
[www.wuxiaworld.com/novels/index6ad1.html]
[www.wuxiaworld.com/announcements/planet-pulverizer-a-mortals-ascent.html]
[www.wuxiaworld.com/novel/planet-pulverizer-a-mortals-ascent/'/images/Bookcover@3x.html]
[www.wuxiaworld.com/novel/tales-of-demons-and-gods/tdg-chapter-2.html]
[www.wuxiaworld.com/novel/tales-of-demons-and-gods/tdg-chapter-1.html]
[www.wuxiaworld.com/announcements/tales-of-demons-and-gods.html]
[www.wuxiaworld.com/novel/tales-of-demons-and-gods/'/images/Bookcover@3x.html]
[www.wuxiaworld.com/announcements/tales-of-demons-and-gods/【tdg】-announcement.html]
[www.wuxiaworld.com/announcements/tales-of-demons-and-gods/official-welcome-post-for-thyaeria-and-tales-of-demons-gods.html]
[www.wuxiaworld.com/novel/tales-of-demons-and-gods/tdg-chapter-444.html]
[www.wuxiaworld.com/novel/this-game-is-too-realistic/gtr-chapter-2.html]
[www.wuxiaworld.com/novel/this-game-is-too-realistic/gtr-chapter-0.html]
[www.wuxiaworld.com/novels/indexa4a1.html]
[www.wuxiaworld.com/announcements/this-game-is-too-realistic.html]
[www.wuxiaworld.com/novel/this-game-is-too-realistic/'/images/Bookcover@3x.html]
[www.wuxiaworld.com/novel/invincible/inv-chapter-2.html]
[www.wuxiaworld.com/novel/invincible/inv-chapter-1.html]
[www.wuxiaworld.com/announcements/invincible.html]
[www.wuxiaworld.com/novel/invincible/'/images/Bookcover@3x.html]
[www.wuxiaworld.com/profile/sponsor/invincible.html]
[www.wuxiaworld.com/announcements/invincible/the-last-fron-tier.html]
[www.wuxiaworld.com/announcements/invincible/new-tier-added.html]
[www.wuxiaworld.com/page/splitting-the-heavens/glossary.html]
[www.wuxiaworld.com/novel/splitting-the-heavens/sth-chapter-2.html]
[www.wuxiaworld.com/novel/splitting-the-heavens/sth-chapter-1.html]
[www.wuxiaworld.com/announcements/splitting-the-heavens.html]
[www.wuxiaworld.com/novel/splitting-the-heavens/'/images/Bookcover@3x.html]
[cdn.wuxiaworld.com/uploads/blipbloc/splitting-the-heavens/images/hhx4zxam.jmd.png]
[www.wuxiaworld.com/announcements/splitting-the-heavens/blips-bloc.html]
[www.wuxiaworld.com/announcements/splitting-the-heavens/blips-qa.html]
[www.wuxiaworld.com/novel/starforce-warriors/sw-chapter-2.html]
[www.wuxiaworld.com/novel/starforce-warriors/sw-chapter-1.html]
[www.wuxiaworld.com/announcements/starforce-warriors.html]
[www.wuxiaworld.com/novel/starforce-warriors/'/images/Bookcover@3x.html]
[www.wuxiaworld.com/novel/the-sword-emperor-transmigrates/tset-chapter-2.html]
[www.wuxiaworld.com/novel/the-sword-emperor-transmigrates/tset-chapter-1.html]
[www.wuxiaworld.com/announcements/the-sword-emperor-transmigrates.html]
[www.wuxiaworld.com/announcements/the-sword-emperor-transmigrates/hello-from-nekogami-and-castor.html]
[www.wuxiaworld.com/novel/the-sword-emperor-transmigrates/'/images/Bookcover@3x.html]
[www.wuxiaworld.com/novel/the-frozen-player-returns/fpr-chapter-2.html]
[www.wuxiaworld.com/novel/the-frozen-player-returns/fpr-chapter-1.html]
[www.wuxiaworld.com/novel/the-frozen-player-returns/'/images/Bookcover@3x.html]
[www.wuxiaworld.com/novel/the-frozen-player-returns/fpr-chapter-37.html]
[cdn.wuxiaworld.com/uploads/cosyjuhye/images/hrsjdmbh.we4.jpg]
[www.wuxiaworld.com/novel/the-frozen-player-returns/rotfp-chapter-39.html]
[cdn.wuxiaworld.com/uploads/cosyjuhye/images/pyqt3a0f.tiy.jpg]
[www.wuxiaworld.com/novel/the-frozen-player-returns/fpr-chapter-87.html]
[cdn.wuxiaworld.com/uploads/cosyjuhye/images/bn1uayqo.i5r.jpg]
[www.wuxiaworld.com/novel/the-frozen-player-returns/fpr-chapter-94.html]
[cdn.wuxiaworld.com/uploads/cosyjuhye/images/qgje34d0.h13.jpg]
[www.wuxiaworld.com/novel/the-frozen-player-returns/fpr-chapter-121.html]
[cdn.wuxiaworld.com/uploads/cosyjuhye/images/rcakjr2e.dzc.jpg]
[www.wuxiaworld.com/novel/the-frozen-player-returns/fpr-chapter-140.html]
[cdn.wuxiaworld.com/uploads/cosyjuhye/images/d1b0l03f.jfp.jpg]
[cdn.wuxiaworld.com/uploads/cosyjuhye/images/csswfu42.hps.jpg]
[www.wuxiaworld.com/novel/the-frozen-player-returns/fpr-chapter-265.html]
[www.wuxiaworld.com/novel/the-frozen-player-returns/fpr-chapter-178.html]
